// Jest Snapshot v1, https://goo.gl/fbAQLP

exports[`<Form /> should render correctly 1`] = `"<div><h1>Initial text</h1><input type=\\"text\\" id=\\"login\\"/><input type=\\"text\\" id=\\"password\\"/><button class=\\"submit\\">Submit</button></div>"`;
